siobhan@reachsecret.com;marion@reputationwarmup.com;vincent.vanhoot@outreachrs.com;julia.mcgregus@smartemailers.com;
samuel.moore@deliverabble.com;sholto@emailreach.co;thomas@inboxdoctors.com;maeva.bonnet@landininbox.com;
elie.djemoun@dopetaste.com;josh@mailreech.com;klaus@teamtreet.com;scarlett.burton@reeverflow.com;
louis.thornton@reevercorp.com;leah@akunaoutreach.com;lucas@outboundancy.com;felipe.hernandez.p@leadsflowtrain.com;
debbie.bakos567@gmail.com;tom.maupard778@gmail.com;rob.thomson238@gmail.com;rita.johnson2r@gmail.com;
steven.lester.925@gmail.com;pete.jenkins9422@gmail.com;abhishek.baska6252@hotmail.com;nick.downey.997@hotmail.com;
marisa.fernandes5192@hotmail.com;laura.dufreisne75013@outlook.com;eva.schokker43@outlook.com;emma.pasano62@outlook.com;
nina.lumen655@yahoo.com;an.chamberlain44@yahoo.com;oliver.yikes43@yahoo.com